t=2026-06-28T16:40:28+0530 lvl=info msg="no configuration paths supplied"
t=2026-06-28T16:40:28+0530 lvl=info msg="using configuration at default config path" path=C:\\Users\\RONIT\\AppData\\Local/ngrok/ngrok.yml
t=2026-06-28T16:40:28+0530 lvl=info msg="open config file" path=C:\\Users\\RONIT\\AppData\\Local\\ngrok\\ngrok.yml err=nil
t=2026-06-28T16:40:28+0530 lvl=info msg="starting web service" obj=web addr=127.0.0.1:4040 allow_hosts=[]
t=2026-06-28T16:40:29+0530 lvl=eror msg="failed to reconnect session" obj=tunnels.session obj=csess id=86f2d76d14db err="authentication failed: Your ngrok-agent version \"3.3.1\" is too old. The minimum supported agent version for your account is \"3.20.0\". Update to a newer version with 'ngrok update', by downloading from https://ngrok.com/download, or by updating your SDK version. Paid accounts are currently excluded from minimum agent version requirements. To begin handling traffic immediately without updating your agent, upgrade to a paid plan: https://dashboard.ngrok.com/billing/choose-a-plan.\r\n\r\nERR_NGROK_121\r\n"
t=2026-06-28T16:40:29+0530 lvl=eror msg="session closing" obj=tunnels.session err="authentication failed: Your ngrok-agent version \"3.3.1\" is too old. The minimum supported agent version for your account is \"3.20.0\". Update to a newer version with 'ngrok update', by downloading from https://ngrok.com/download, or by updating your SDK version. Paid accounts are currently excluded from minimum agent version requirements. To begin handling traffic immediately without updating your agent, upgrade to a paid plan: https://dashboard.ngrok.com/billing/choose-a-plan.\r\n\r\nERR_NGROK_121\r\n"
t=2026-06-28T16:40:29+0530 lvl=info msg="received stop request" obj=app stopReq="{err:{Remote:true Inner:0xc000340360} restart:false}"
t=2026-06-28T16:40:29+0530 lvl=eror msg="terminating with error" obj=app err="authentication failed: Your ngrok-agent version \"3.3.1\" is too old. The minimum supported agent version for your account is \"3.20.0\". Update to a newer version with 'ngrok update', by downloading from https://ngrok.com/download, or by updating your SDK version. Paid accounts are currently excluded from minimum agent version requirements. To begin handling traffic immediately without updating your agent, upgrade to a paid plan: https://dashboard.ngrok.com/billing/choose-a-plan.\r\n\r\nERR_NGROK_121\r\n"
t=2026-06-28T16:40:29+0530 lvl=warn msg="failed to check for update" obj=updater err="Post \"https://update.equinox.io/check\": context canceled"
t=2026-06-28T16:40:29+0530 lvl=crit msg="command failed" err="authentication failed: Your ngrok-agent version \"3.3.1\" is too old. The minimum supported agent version for your account is \"3.20.0\". Update to a newer version with 'ngrok update', by downloading from https://ngrok.com/download, or by updating your SDK version. Paid accounts are currently excluded from minimum agent version requirements. To begin handling traffic immediately without updating your agent, upgrade to a paid plan: https://dashboard.ngrok.com/billing/choose-a-plan.\r\n\r\nERR_NGROK_121\r\n"
t=2026-06-28T16:40:29+0530 lvl=info msg="no more state changes" obj=tunnels.session
t=2026-06-28T16:42:56+0530 lvl=info msg="no configuration paths supplied"
t=2026-06-28T16:42:56+0530 lvl=info msg="using configuration at default config path" path=C:\\Users\\RONIT\\AppData\\Local\\ngrok\\ngrok.yml
t=2026-06-28T16:42:56+0530 lvl=info msg="open config file" path=C:\\Users\\RONIT\\AppData\\Local\\ngrok\\ngrok.yml err=nil
t=2026-06-28T16:42:56+0530 lvl=info msg="FIPS 140 mode" enabled=false
t=2026-06-28T16:42:56+0530 lvl=info msg="starting web service" obj=web addr=127.0.0.1:4040 allow_hosts=[]
t=2026-06-28T16:42:57+0530 lvl=info msg="client session established" obj=tunnels.session
t=2026-06-28T16:42:57+0530 lvl=info msg="tunnel session started" obj=tunnels.session
t=2026-06-28T16:42:57+0530 lvl=info msg="started tunnel" obj=tunnels name=command_line addr=http://localhost:11434 url=https://unsympathizing-censorian-buena.ngrok-free.dev
t=2026-06-28T16:50:35+0530 lvl=eror msg="session closed, starting reconnect loop" obj=tunnels.session obj=csess id=f5cd1ee9f433 err="read tcp [2606:4700:110:8e7b:8673:c08:601b:f425]:59913->[2406:da1a:e91:9300:d4f4:8948:9d02:5408]:443: wsarecv: An established connection was aborted by the software in your host machine."
t=2026-06-28T16:50:37+0530 lvl=info msg="client session established" obj=tunnels.session
t=2026-06-28T16:50:37+0530 lvl=info msg="tunnel session started" obj=tunnels.session
t=2026-06-28T16:50:52+0530 lvl=eror msg="heartbeat timeout, terminating session" obj=tunnels.session obj=csess id=989bce2c37c0 clientid=2e1bb153215498036473a80eec339fe0
t=2026-06-28T16:58:48+0530 lvl=info msg="join connections" obj=join id=8c0b0f9fad7b l=[::1]:11434 r=34.96.40.149:45336
t=2026-06-28T16:59:00+0530 lvl=info msg="join connections" obj=join id=1123dd9d479e l=[::1]:11434 r=34.96.40.149:37349
t=2026-06-28T16:59:33+0530 lvl=info msg="join connections" obj=join id=b533090c051a l=[::1]:11434 r=34.96.40.149:34401
t=2026-06-28T17:00:59+0530 lvl=info msg="join connections" obj=join id=4888a20db0c3 l=[::1]:11434 r=34.96.40.148:6096
t=2026-06-28T17:16:42+0530 lvl=info msg="join connections" obj=join id=703cf24ee07d l=[::1]:11434 r=[2600:1900:0:3904::100]:18449
t=2026-06-28T17:24:27+0530 lvl=info msg="join connections" obj=join id=5326986a37b4 l=[::1]:11434 r=[2600:1900:0:3904::100]:50614
t=2026-06-28T17:38:54+0530 lvl=info msg="join connections" obj=join id=7164e6b4b7f8 l=[::1]:11434 r=[2600:1900:0:3905::100]:24229
t=2026-06-28T17:39:19+0530 lvl=info msg="join connections" obj=join id=9447814993e3 l=[::1]:11434 r=[2600:1900:0:3905::100]:44658
t=2026-06-28T17:39:22+0530 lvl=info msg="join connections" obj=join id=cbb1f075586d l=[::1]:11434 r=[2600:1900:0:3905::100]:44807
t=2026-06-28T17:53:18+0530 lvl=info msg="join connections" obj=join id=c59c58d53a6a l=[::1]:11434 r=[2600:1900:0:3901::900]:8759
t=2026-06-28T17:53:38+0530 lvl=info msg="join connections" obj=join id=871ea8bcae98 l=[::1]:11434 r=[2600:1900:0:3901::900]:19435
